// Jest Snapshot v1, https://goo.gl/fbAQLP

exports[`should render children when no error 1`] = `"Test"`;
